Microsoft (R) Macro Assembler Version 14.28.29914.0	    06/02/21 11:57:43
5Low level I/O Procedure Program     (Proj6_awanf.asm	     Page 1 - 1


				TITLE  Low level I/O Procedure Program     (Proj6_awanf.asm)

				; Author: Fahad Awan
				; Last Modified: 5/25/2021
				; OSU email address:awanf@oregonstate.edu
				; Course number/section:   CS271 Section 400
				; Project Number:         6        Due Date: 6/6/2021
				; Description: 

				INCLUDE Irvine32.inc
			      C ; Include file for Irvine32.lib             (Irvine32.inc)
			      C 
			      C ;OPTION CASEMAP:NONE		; optional: make identifiers case-sensitive
			      C 
			      C INCLUDE SmallWin.inc		; MS-Windows prototypes, structures, and constants
			      C .NOLIST
			      C .LIST
			      C 
			      C INCLUDE VirtualKeys.inc
			      C ; VirtualKeys.inc
			      C .NOLIST
			      C .LIST
			      C 
			      C 
			      C .NOLIST
			      C .LIST
			      C 

				; ---------------------------------------------------------------------------------
				; Name: mGetString
				;
				; Displays prompt then get's user's keyboard input into a memory location.
				;
				; Preconditions: do not use eax, ecx as arguments
				; Postconditions: EAX modified
				;
				; Receives:
				; promptOffset = prompt string offset
				; storeLocation = variable to store user input
				; lengthValue = maximum amount of characters to store
				;	
				; returns: user keyboard input stored in storeLocation
				;		   amount of bytes read in userInputLength
				; ---------------------------------------------------------------------------------

				mGetString MACRO promptOffset:REQ, storeLocationOffset:REQ, maxLength:REQ, userInputLength:REQ
					

				.code
					PUSH	EDX
					PUSH	ECX
					PUSH	EAX

					MOV		EDX, promptOffset
					CALL	WriteString
					
					MOV		EDX, storeLocationOffset	 ; point to the buffer
					MOV		ECX, maxLength			 ; specify max characters
					CALL	ReadString					 ; input the string
					MOV		userInputLength, EAX
					
					POP		EAX
					POP		ECX
					POP		EDX
					
				ENDM


				; ---------------------------------------------------------------------------------
				; Name: mDisplayString
				;
				; Displays string in console.
				;
				; Preconditions: do not use EDX as argument (needs testing)
				; Postconditions: string starting at stringOffset printed to console
				;
				; Receives: stringOffset = offset of string to display
				;	
				;	
				; returns: none
				;		   
				; ---------------------------------------------------------------------------------

				mDisplayString MACRO stringOffset:REQ

					PUSH	EDX
					
					MOV		EDX, stringOffset
					CALL	WriteString
					
					POP		EDX
				ENDM


				; amount of integers to prompt/display
 = 00000003			MAXNUMS=3

				; ASCII codes
 = 0000002B			PLUS=43
 = 0000002D			MINUS=45
 = 00000030			ZERO=48
 = 00000039			NINE=57

 = 00000096			LENGTHLIMIT=150

				; sdword limits
 = 7FFFFFFF			MAX= 2147483647
 =-80000000			MIN= -2147483648

 00000000			.data

 00000000 45 6E 74 65 72		enterNum		BYTE		"Enter a signed number: ",0
	   20 61 20 73 69
	   67 6E 65 64 20
	   6E 75 6D 62 65
	   72 3A 20 00
 00000018 45 52 52 4F 52		errorMsg		BYTE		"ERROR: Number too large, too long, or invalid",0
	   3A 20 4E 75 6D
	   62 65 72 20 74
	   6F 6F 20 6C 61
	   72 67 65 2C 20
	   74 6F 6F 20 6C
	   6F 6E 67 2C 20
	   6F 72 20 69 6E
	   76 61 6C 69 64
	   00
 00000046 00000000			intHolder		SDWORD		?
 0000004A  00000003 [			intArray		SDWORD		MAXNUMS DUP(?)				; array of entered strings
	    00000000
	   ]
					
 00000056 54 68 65 20 73		sumInfo			BYTE		"The sum of the numbers is: ",0
	   75 6D 20 6F 66
	   20 74 68 65 20
	   6E 75 6D 62 65
	   72 73 20 69 73
	   3A 20 00
 00000072 54 68 65 20 61		averageInfo		BYTE		"The average of the numbers is: ",0
	   76 65 72 61 67
	   65 20 6F 66 20
	   74 68 65 20 6E
	   75 6D 62 65 72
	   73 20 69 73 3A
	   20 00
 00000092 20 20 00			delimiter		BYTE		"  ",0
 00000095 54 68 65 73 65		userNumInfo		BYTE		"These are the numbers you entered:",13,10,0
	   20 61 72 65 20
	   74 68 65 20 6E
	   75 6D 62 65 72
	   73 20 79 6F 75
	   20 65 6E 74 65
	   72 65 64 3A 0D
	   0A 00




 00000000			.code
 00000000			main PROC

					; gets and converts MAXNUMS strings to an array of integers


					
 00000000  B9 00000003			MOV		ECX, MAXNUMS		; amount of strings to gather from user
 00000005  BF 0000004A R		MOV		EDI, OFFSET intArray
					
 0000000A			_getNums:			; gets MAXNUMS numbers, converts to sdword, stores them in intArray
					
 0000000A  68 00000018 R		PUSH	OFFSET	errorMsg
 0000000F  68 00000000 R		PUSH	OFFSET	enterNum
 00000014  68 00000046 R		PUSH	OFFSET	intHolder
 00000019  E8 00000062			CALL	ReadVal
					
					
 0000001E  A1 00000046 R		MOV		EAX, intHolder
 00000023  89 07			MOV		[EDI], EAX
 00000025  83 C7 04			ADD		EDI, 4

 00000028  E2 E0			LOOP	_getNums

					
					; calculate and stores sum and average
					
 0000002A  68 00000072 R		PUSH	OFFSET	averageInfo
 0000002F  68 00000056 R		PUSH	OFFSET	sumInfo
 00000034  68 0000004A R		PUSH	OFFSET	intArray
 00000039  E8 00000157			CALL	Math

 0000003E  E8 00000000 E		CALL	CrLf
 00000043  BA 00000095 R		MOV		EDX, OFFSET userNumInfo
					mDisplayString	EDX
 00000048  52		     1		PUSH	EDX
 00000049  8B D2	     1		MOV		EDX, EDX
 0000004B  E8 00000000 E     1		CALL	WriteString
 00000050  5A		     1		POP		EDX

					; prints userArray
				;
 00000051  BF 0000004A R		MOV		EDI, OFFSET intArray
 00000056  B9 00000003			MOV		ECX, LENGTHOF intArray

 0000005B			_printArray:
 0000005B  8B 07			MOV		EAX, [EDI]
 0000005D  50				PUSH	EAX
 0000005E  E8 00000188			CALL	WriteVal
					mDisplayString	OFFSET delimiter
 00000063  52		     1		PUSH	EDX
 00000064  BA 00000092 R     1		MOV		EDX, OFFSET delimiter
 00000069  E8 00000000 E     1		CALL	WriteString
 0000006E  5A		     1		POP		EDX
 0000006F  83 C7 04			ADD		EDI, 4
 00000072  E2 E7			LOOP	_printArray
 00000074  E8 00000000 E		CALL	CrLf


					Invoke ExitProcess,0	; exit to operating system
 00000079  6A 00	   *	    push   +000000000h
 0000007B  E8 00000000 E   *	    call   ExitProcess
 00000080			main ENDP



				; ---------------------------------------------------------------------------------
				; Name: ReadVal
				; 
				; Prompts user to enter a number, validates input, then converts string of digits into a signed integer. 
				;
				; Preconditions: errorMsg, enterNum are global strings
				;				 intHolder is a global SDWORD
				;				 mGetString macro exists
				;
				; Postconditions: none
				;
				; Receives: 
				;			[EBP+8]  = offset of intHolder global SDWORD
				;			[EBP+12] = offset of enterNum global string
				;			[EBP+16] = offset of errorMsg global string
				;
				; returns: intHolder = valid user input as an SDWORD
				; ---------------------------------------------------------------------------------
 00000080			ReadVal PROC

					
					LOCAL		lengthCounter:DWORD, intAccumulator:SDWORD, inputLength:DWORD
					
 00000080  55		   *	    push   ebp
 00000081  8B EC	   *	    mov    ebp, esp
 00000083  83 C4 F4	   *	    add    esp, 0FFFFFFF4h
 000000BA				.data
 000000BA  00000096 [				storedString		BYTE		LENGTHLIMIT DUP(?)
	    00
	   ]
 00000150 00					negBool				BYTE		0 

 00000086				.code

					
 00000086  60				PUSHAD				; preserve registers

					;prompts and fills userStrings array with input

 00000087			_rePrompt:

					;[EBP+12]=enterNum string
					;[EBP+16]=errormsg string
					mGetString	[EBP+12], OFFSET storedString, LENGTHOF storedString, inputLength   ;need to get these from stack. 
 00000087		     1	.code
 00000087  52		     1		PUSH	EDX
 00000088  51		     1		PUSH	ECX
 00000089  50		     1		PUSH	EAX
 0000008A  8B 55 0C	     1		MOV		EDX, [EBP+12]
 0000008D  E8 00000000 E     1		CALL	WriteString
 00000092  BA 000000BA R     1		MOV		EDX, OFFSET storedString	 ; point to the buffer
 00000097  B9 00000096	     1		MOV		ECX, LENGTHOF storedString			 ; specify max characters
 0000009C  E8 00000000 E     1		CALL	ReadString					 ; input the string
 000000A1  89 45 F4	     1		MOV		inputLength, EAX
 000000A4  58		     1		POP		EAX
 000000A5  59		     1		POP		ECX
 000000A6  5A		     1		POP		EDX

					; TODO some kind of length validations? might need to limit length

 000000A7  83 7D F4 0F			CMP		inputLength, 15		; num too long
 000000AB  0F 8D 000000BF		JGE		_invalidItem

 000000B1  83 7D F4 00			CMP		inputLength,0		; user didn't enter anything
 000000B5  0F 84 000000B5		JE		_invalidItem

					; user entered only a + or - sign

 000000BB  83 7D F4 01			CMP		inputLength, 1
 000000BF  75 16			JNE		_validLength
 000000C1  BE 000000BA R		MOV		ESI, OFFSET storedString
 000000C6  AC				LODSB	
 000000C7  3C 2D			CMP		AL, MINUS
 000000C9  0F 84 000000A1		JE		_invalidItem
 000000CF  3C 2B			CMP		AL, PLUS
 000000D1  0F 84 00000099		JE		_invalidItem


 000000D7			_validLength:


 000000D7  C7 45 F8			MOV		intAccumulator, 0 
	   00000000
 000000DE  BE 000000BA R		MOV		ESI, OFFSET storedString
 000000E3  B9 00000096			MOV		ECX, LENGTHOF storedString    
 000000E8  33 C0			XOR		EAX, EAX	; clear accumulator for conversion
 000000EA  C7 45 FC			MOV		lengthCounter, 0
	   00000000
 000000F1  FC				CLD

 000000F2			_toIntLoop:
 000000F2  AC				LODSB						; load string digit from inString into AL

					; this all gets skipped after first digit checked for sign

 000000F3  FF 45 FC			INC		lengthCounter	; lengthCounter at first digit, check sign to be + or - or none
 000000F6  83 7D FC 01			CMP		lengthCounter, 1
 000000FA  75 15			JNE		_continueCalcs	; past the first digit, so don't check for sign
 000000FC  83 F8 2D			CMP		EAX, MINUS		; compare ascii of first digit with ascii of -
 000000FF  75 09			JNE		_checkPlus		; if no - sign present check for + sign
 00000101  C6 05 00000150 R		MOV		negBool, 1		; - sign present raise the negBool flag
	   01
 00000108  E2 E8			LOOP	_toIntLoop		; move to next digit, a negative sign was found
					
 0000010A			_checkPlus:	
					
 0000010A  83 F8 2B			CMP		EAX, PLUS		; compare ascii of first digit with ascii of +
 0000010D  75 02			JNE		_continueCalcs	; if no + sign present
 0000010F  E2 E1			LOOP	_toIntLoop		; move to next digit, nothing to calculate



 00000111			_continueCalcs:

					; checks to see if the digit string is an actual numerical digit. 
 00000111  83 F8 00			CMP		EAX, 0			; end of the string (null terminator)
 00000114  74 38			JE		_endCalculations

 00000116  83 F8 30			CMP		EAX, ZERO
 00000119  7C 55			JL		_invalidItem	;invalid entry ascii was less than ZERO
 0000011B  83 F8 39			CMP		EAX, NINE
 0000011E  7F 50			JG		_invalidItem	;invalid entry ascii was greater than NINE
					

 00000120  8B D8			MOV		EBX, EAX		; store a copy in EBX
 00000122  83 E8 30			SUB		EAX, 48			; determines numerical representation of single valid digit
 00000125  8B D8			MOV		EBX, EAX		; 
 00000127  8B 45 F8			MOV		EAX, intAccumulator	; gets the previous calculations
 0000012A  BA 0000000A			MOV		EDX, 10			; prepare for multiplication
 0000012F  F7 EA			IMUL	EDX				; 10(previous calculations)
					

 00000131  03 C3			ADD		EAX, EBX		; +(49-digit)
 00000133  89 45 F8			MOV		intAccumulator, EAX	; store accumulation


 00000136  70 04			JO		_overflowDetected		; checks for overflow flag


 00000138  33 C0			XOR		EAX, EAX		; reset eax

 0000013A  E2 B6			LOOP	_toIntLoop

 0000013C			_overflowDetected:

 0000013C  80 3D 00000150 R		CMP		negBool,1
	   01
 00000143  75 2B			JNE		_invalidItem
					;MOV		EAX, MIN
					;NEG		EAX
 00000145  81 7D F8			CMP		intAccumulator, MIN
	   80000000
 0000014C  75 22			JNE		_invalidItem


 0000014E			_endCalculations:

 0000014E  80 3D 00000150 R		CMP			negBool, 1
	   01
 00000155  75 0A			JNE			_writeToConsole
 00000157  F7 5D F8			NEG			intAccumulator		; negBool was raised, negate the number
 0000015A  C6 05 00000150 R		MOV			negBool, 0			; reset negBool
	   00

 00000161			_writeToConsole:

 00000161  8B 45 F8			MOV		EAX, intAccumulator
 00000164  E8 00000000 E		CALL	WriteInt
 00000169  E8 00000000 E		CALL	CrLf
 0000016E  EB 1B			JMP		_return

					; invalid entries 

 00000170			_invalidItem:
				;	MOV		EDX, [EBP+16]	; errormsg String
					mDisplayString	[EBP+16]
 00000170  52		     1		PUSH	EDX
 00000171  8B 55 10	     1		MOV		EDX, [EBP+16]
 00000174  E8 00000000 E     1		CALL	WriteString
 00000179  5A		     1		POP		EDX
 0000017A  E8 00000000 E		CALL	CrLf
 0000017F  C6 05 00000150 R		MOV		negBool, 0			; reset negBool
	   00
 00000186  E9 FFFFFEFC			JMP		_rePrompt		; prompt user again for valid input

 0000018B			_return:					; TODO: save the SDWORD into an array



					; stores the valid input in the intArray array as SDWORDS

 0000018B  8B 7D 08			MOV		EDI, [EBP+8]	; OFFSET intHolder
 0000018E  89 07			MOV		[EDI], EAX

 00000190  61				POPAD


 00000191			_theEnd:	
 00000191  C9		   *	    leave  
 00000192  C2 000C			RET 12
 00000195			ReadVal ENDP

				; ---------------------------------------------------------------------------------
				; Name: Math
				; 
				; Calculates and displays the sum and average (floor rounding) of an array.
				;
				; Preconditions: errorMsg, enterNum are global strings
				;				 intHolder is a global SDWORD
				;
				; Postconditions: none
				;
				; Receives: 
				;			[EBP+8]  = offset of intHolder global SDWORD
				;			[EBP+12] = offset of enterNum global string
				;			[EBP+16] = offset of errorMsg global string
				;
				; returns: intHolder = valid user input as an SDWORD
				; ---------------------------------------------------------------------------------

 00000195			Math PROC

 00000195  55				PUSH	EBP
 00000196  8B EC			MOV		EBP, ESP
					
 00000198  60				PUSHAD

					
					;[EBP+8]=intArray offset
					;[EBP+12] = sumInfo
					;[EBP+16]=averageInfo


 00000199  B9 00000003			MOV		ECX, MAXNUMS	; loop maxnums times
 0000019E  8B 75 08			MOV		ESI, [EBP+8]	; intArray offset
 000001A1  33 C0			XOR		EAX, EAX		; prepare for accumulation

 000001A3			_sumLoop: ; iterates thru array adding nums
					
 000001A3  03 06			ADD		EAX, [ESI]
 000001A5  83 C6 04			ADD		ESI, 4
 000001A8  E2 F9			LOOP	_sumLoop

 000001AA  E8 00000000 E		CALL	CrLf		


					mDisplayString [EBP+12]  ; displays sumInfo
 000001AF  52		     1		PUSH	EDX
 000001B0  8B 55 0C	     1		MOV		EDX, [EBP+12]
 000001B3  E8 00000000 E     1		CALL	WriteString
 000001B8  5A		     1		POP		EDX

					
 000001B9  50				PUSH	EAX				; the sum
 000001BA  E8 0000002C			CALL	WriteVal
 000001BF  E8 00000000 E		CALL	CrLf

					; calc/display avg

 000001C4  99				CDQ						; sign extend
 000001C5  BB 00000003			MOV		EBX, MAXNUMS	
 000001CA  F7 FB			IDIV	EBX				; divide by amount of user inputs
 000001CC  E8 00000000 E		CALL	CrLf

					mDisplayString [EBP+16]		;averageInfo strng
 000001D1  52		     1		PUSH	EDX
 000001D2  8B 55 10	     1		MOV		EDX, [EBP+16]
 000001D5  E8 00000000 E     1		CALL	WriteString
 000001DA  5A		     1		POP		EDX

 000001DB  50				PUSH	EAX						; the average
 000001DC  E8 0000000A			CALL	WriteVal				
 000001E1  E8 00000000 E		CALL	CrLf

 000001E6  61				POPAD
				;	POP		EBX
				;	POP		EAX
				;	POP		ESI
				;	POP		ECX

 000001E7  5D				POP		EBP
 000001E8  C2 000C			RET		12

 000001EB			Math ENDP


 000001EB			WriteVal PROC
					LOCAL	testNum:SDWORD, negFlag:DWORD, minFlag:DWORD
 000001EB  55		   *	    push   ebp
 000001EC  8B EC	   *	    mov    ebp, esp
 000001EE  83 C4 F4	   *	    add    esp, 0FFFFFFF4h
 00000151				.data
 00000151  00000010 [				outputString	BYTE	16 DUP(?)
	    00
	   ]
 00000161  00000010 [				reversedString	BYTE	16 DUP(?)
	    00
	   ]

 000001F1				.code
					; LOCAL does stack frame initialization 

				;	PUSH	EAX
				;	PUSH	EDI
				;	PUSH	ECX
				;	PUSH	EBX
				;	PUSH	ESI
				;	PUSH	EDX
 000001F1  60				PUSHAD

 000001F2  8B 45 08			MOV		EAX, [EBP+8]
 000001F5  89 45 FC			MOV		testNum, EAX

					
 000001F8  BF 00000151 R		MOV		EDI, OFFSET outputString;outputString

 000001FD  B0 00			MOV		AL,0 ; null terminator at beginning
					
 000001FF  AA				STOSB
 00000200  FC				CLD
					

					;MOV		EDI, OFFSET outputString
					

					; determines if the number is positive or 0

 00000201  83 7D FC FF			CMP		testNum, -1
 00000205  7F 1C			JG		_positiveOrZeroNum

					; tests to see if this number is the minimum SDWORD special case
 00000207  81 7D FC			CMP		testNum, MIN
	   80000000
 0000020E  75 07			JNE		_notMinimumNum
 00000210  C7 45 F4			MOV		minFlag, 1		; raise the min flag
	   00000001
					
					; all other negative numbers
 00000217			_notMinimumNum:

 00000217  F7 5D FC			NEG		testNum
 0000021A  C7 45 F8			MOV		negFlag, 1 ;negFlag
	   00000001
				;	PUSH	EAX
 00000221  EB 07			JMP		_loopSetup
					

 00000223			_positiveOrZeroNum:
 00000223  C7 45 F8			MOV		negFlag, 0
	   00000000
				;	PUSH	EAX


 0000022A			_loopSetup:
					
 0000022A  8B 45 FC			MOV		EAX, testNum


 0000022D  83 7D F4 01			CMP		minFlag,1
 00000231  75 01			JNE		_notSpecialCase
 00000233  48				DEC		EAX			; decrement the max num

 00000234			_notSpecialCase:
 00000234  BB 0000000A			MOV		EBX, 10		; divisor
 00000239  B9 00000010			MOV		ECX, LENGTHOF outputString	



 0000023E			_stringLoop:

				;	XOR		EDX, EDX

 0000023E  99				CDQ					; prep div

 0000023F  F7 FB			IDIV	EBX
 00000241  50				PUSH	EAX
 00000242  8A C2			MOV		AL, DL
 00000244  04 30			ADD		AL, 48

					; special case min flag raised
 00000246  83 7D F4 01			CMP		minFlag, 1
 0000024A  75 05			JNE		_continueLoop
 0000024C  FF 4D F4			DEC		minFlag			; set minFlagg to 0
 0000024F  FE C0			INC		AL				; change the digit from 7 to 8
					

 00000251			_continueLoop:
 00000251  AA				STOSB


 00000252  58				POP		EAX
 00000253  83 F8 00			CMP		EAX, 0
 00000256  74 02			JE		_stringComplete





 00000258  E2 E4			LOOP	_stringLoop

 0000025A			_stringComplete:
					
				;	POP		EAX
 0000025A  83 7D F8 01			CMP		negFlag, 1
 0000025E  75 04			JNE		_displayString
 00000260  B0 2D			MOV		AL, MINUS
 00000262  AA				STOSB
 00000263  49				DEC		ECX  ;accomodates for - sign


 00000264			_displayString:

					; need to reverse string for display here
 00000264  BF 00000161 R		MOV		EDI, OFFSET reversedString
 00000269  BE 00000151 R		MOV		ESI, OFFSET outputString
 0000026E  83 C6 10			ADD		ESI, LENGTHOF reversedString ; point at end of outputString
 00000271  49				DEC		ECX
 00000272  2B F1			SUB		ESI, ECX
 00000274  B9 00000010			MOV		ECX, LENGTHOF reversedString

				;	DEC		ESI

 00000279			_revLoop:
 00000279  FD				STD
 0000027A  AC				LODSB
 0000027B  FC				CLD
 0000027C  AA				STOSB
 0000027D  E2 FA			LOOP	_revLoop

					
					
					mDisplayString	OFFSET reversedString
 0000027F  52		     1		PUSH	EDX
 00000280  BA 00000161 R     1		MOV		EDX, OFFSET reversedString
 00000285  E8 00000000 E     1		CALL	WriteString
 0000028A  5A		     1		POP		EDX

				;	POP	EDX
				;	POP	ESI
				;	POP	EBX
				;	POP	ECX
				;	POP	EDI
				;	POP	EAX
 0000028B  61				POPAD

 0000028C  C9		   *	    leave  
 0000028D  C2 0004			RET		4

 00000290			WriteVal ENDP




				END main
Microsoft (R) Macro Assembler Version 14.28.29914.0	    06/02/21 11:57:43
5Low level I/O Procedure Program     (Proj6_awanf.asm	     Symbols 2 - 1




Macros:

                N a m e                 Type

mDisplayString . . . . . . . . .	Proc
mGetString . . . . . . . . . . .	Proc


Structures and Unions:

                N a m e                  Size
                                         Offset      Type

CONSOLE_CURSOR_INFO  . . . . . .	 00000008
  dwSize . . . . . . . . . . . .	 00000000	 DWord
  bVisible . . . . . . . . . . .	 00000004	 DWord
CONSOLE_SCREEN_BUFFER_INFO . . .	 00000016
  dwSize . . . . . . . . . . . .	 00000000	 DWord
  dwCursorPosition . . . . . . .	 00000004	 DWord
  wAttributes  . . . . . . . . .	 00000008	 Word
  srWindow . . . . . . . . . . .	 0000000A	 QWord
  dwMaximumWindowSize  . . . . .	 00000012	 DWord
COORD  . . . . . . . . . . . . .	 00000004
  X  . . . . . . . . . . . . . .	 00000000	 Word
  Y  . . . . . . . . . . . . . .	 00000002	 Word
FILETIME . . . . . . . . . . . .	 00000008
  loDateTime . . . . . . . . . .	 00000000	 DWord
  hiDateTime . . . . . . . . . .	 00000004	 DWord
FOCUS_EVENT_RECORD . . . . . . .	 00000004
  bSetFocus  . . . . . . . . . .	 00000000	 DWord
FPU_ENVIRON  . . . . . . . . . .	 0000001C
  controlWord  . . . . . . . . .	 00000000	 Word
  statusWord . . . . . . . . . .	 00000004	 Word
  tagWord  . . . . . . . . . . .	 00000008	 Word
  instrPointerOffset . . . . . .	 0000000C	 DWord
  instrPointerSelector . . . . .	 00000010	 DWord
  operandPointerOffset . . . . .	 00000014	 DWord
  operandPointerSelector . . . .	 00000018	 Word
INPUT_RECORD . . . . . . . . . .	 00000014
  EventType  . . . . . . . . . .	 00000000	 Word
  Event  . . . . . . . . . . . .	 00000004	 XmmWord
  bKeyDown . . . . . . . . . . .	 00000000	 DWord
  wRepeatCount . . . . . . . . .	 00000004	 Word
  wVirtualKeyCode  . . . . . . .	 00000006	 Word
  wVirtualScanCode . . . . . . .	 00000008	 Word
  uChar  . . . . . . . . . . . .	 0000000A	 Word
  UnicodeChar  . . . . . . . . .	 00000000	 Word
  AsciiChar  . . . . . . . . . .	 00000000	 Byte
  dwControlKeyState  . . . . . .	 0000000C	 DWord
  dwMousePosition  . . . . . . .	 00000000	 DWord
  dwButtonState  . . . . . . . .	 00000004	 DWord
  dwMouseControlKeyState . . . .	 00000008	 DWord
  dwEventFlags . . . . . . . . .	 0000000C	 DWord
  dwSize . . . . . . . . . . . .	 00000000	 DWord
  dwCommandId  . . . . . . . . .	 00000000	 DWord
  bSetFocus  . . . . . . . . . .	 00000000	 DWord
KEY_EVENT_RECORD . . . . . . . .	 00000010
  bKeyDown . . . . . . . . . . .	 00000000	 DWord
  wRepeatCount . . . . . . . . .	 00000004	 Word
  wVirtualKeyCode  . . . . . . .	 00000006	 Word
  wVirtualScanCode . . . . . . .	 00000008	 Word
  uChar  . . . . . . . . . . . .	 0000000A	 Word
  UnicodeChar  . . . . . . . . .	 00000000	 Word
  AsciiChar  . . . . . . . . . .	 00000000	 Byte
  dwControlKeyState  . . . . . .	 0000000C	 DWord
MENU_EVENT_RECORD  . . . . . . .	 00000004
  dwCommandId  . . . . . . . . .	 00000000	 DWord
MOUSE_EVENT_RECORD . . . . . . .	 00000010
  dwMousePosition  . . . . . . .	 00000000	 DWord
  dwButtonState  . . . . . . . .	 00000004	 DWord
  dwMouseControlKeyState . . . .	 00000008	 DWord
  dwEventFlags . . . . . . . . .	 0000000C	 DWord
SMALL_RECT . . . . . . . . . . .	 00000008
  Left . . . . . . . . . . . . .	 00000000	 Word
  Top  . . . . . . . . . . . . .	 00000002	 Word
  Right  . . . . . . . . . . . .	 00000004	 Word
  Bottom . . . . . . . . . . . .	 00000006	 Word
SYSTEMTIME . . . . . . . . . . .	 00000010
  wYear  . . . . . . . . . . . .	 00000000	 Word
  wMonth . . . . . . . . . . . .	 00000002	 Word
  wDayOfWeek . . . . . . . . . .	 00000004	 Word
  wDay . . . . . . . . . . . . .	 00000006	 Word
  wHour  . . . . . . . . . . . .	 00000008	 Word
  wMinute  . . . . . . . . . . .	 0000000A	 Word
  wSecond  . . . . . . . . . . .	 0000000C	 Word
  wMilliseconds  . . . . . . . .	 0000000E	 Word
WINDOW_BUFFER_SIZE_RECORD  . . .	 00000004
  dwSize . . . . . . . . . . . .	 00000000	 DWord


Segments and Groups:

                N a m e                 Size     Length   Align   Combine Class

FLAT . . . . . . . . . . . . . .	GROUP
STACK  . . . . . . . . . . . . .	32 Bit	 00001000 Para	  Stack	  'STACK'	 
_DATA  . . . . . . . . . . . . .	32 Bit	 00000171 Para	  Public  'DATA'	
_TEXT  . . . . . . . . . . . . .	32 Bit	 00000290 Para	  Public  'CODE'	


Procedures, parameters, and locals:

                N a m e                 Type     Value    Attr

CloseFile  . . . . . . . . . . .	P Near	 00000000 FLAT	Length= 00000000 External STDCALL
CloseHandle  . . . . . . . . . .	P Near	 00000000 FLAT	Length= 00000000 External STDCALL
Clrscr . . . . . . . . . . . . .	P Near	 00000000 FLAT	Length= 00000000 External STDCALL
CreateFileA  . . . . . . . . . .	P Near	 00000000 FLAT	Length= 00000000 External STDCALL
CreateOutputFile . . . . . . . .	P Near	 00000000 FLAT	Length= 00000000 External STDCALL
Crlf . . . . . . . . . . . . . .	P Near	 00000000 FLAT	Length= 00000000 External STDCALL
Delay  . . . . . . . . . . . . .	P Near	 00000000 FLAT	Length= 00000000 External STDCALL
DumpMem  . . . . . . . . . . . .	P Near	 00000000 FLAT	Length= 00000000 External STDCALL
DumpRegs . . . . . . . . . . . .	P Near	 00000000 FLAT	Length= 00000000 External STDCALL
ExitProcess  . . . . . . . . . .	P Near	 00000000 FLAT	Length= 00000000 External STDCALL
FileTimeToDosDateTime  . . . . .	P Near	 00000000 FLAT	Length= 00000000 External STDCALL
FileTimeToSystemTime . . . . . .	P Near	 00000000 FLAT	Length= 00000000 External STDCALL
FlushConsoleInputBuffer  . . . .	P Near	 00000000 FLAT	Length= 00000000 External STDCALL
FormatMessageA . . . . . . . . .	P Near	 00000000 FLAT	Length= 00000000 External STDCALL
GetCommandLineA  . . . . . . . .	P Near	 00000000 FLAT	Length= 00000000 External STDCALL
GetCommandTail . . . . . . . . .	P Near	 00000000 FLAT	Length= 00000000 External STDCALL
GetConsoleCP . . . . . . . . . .	P Near	 00000000 FLAT	Length= 00000000 External STDCALL
GetConsoleCursorInfo . . . . . .	P Near	 00000000 FLAT	Length= 00000000 External STDCALL
GetConsoleMode . . . . . . . . .	P Near	 00000000 FLAT	Length= 00000000 External STDCALL
GetConsoleScreenBufferInfo . . .	P Near	 00000000 FLAT	Length= 00000000 External STDCALL
GetDateTime  . . . . . . . . . .	P Near	 00000000 FLAT	Length= 00000000 External STDCALL
GetFileTime  . . . . . . . . . .	P Near	 00000000 FLAT	Length= 00000000 External STDCALL
GetKeyState  . . . . . . . . . .	P Near	 00000000 FLAT	Length= 00000000 External STDCALL
GetLastError . . . . . . . . . .	P Near	 00000000 FLAT	Length= 00000000 External STDCALL
GetLocalTime . . . . . . . . . .	P Near	 00000000 FLAT	Length= 00000000 External STDCALL
GetMaxXY . . . . . . . . . . . .	P Near	 00000000 FLAT	Length= 00000000 External STDCALL
GetMseconds  . . . . . . . . . .	P Near	 00000000 FLAT	Length= 00000000 External STDCALL
GetNumberOfConsoleInputEvents  .	P Near	 00000000 FLAT	Length= 00000000 External STDCALL
GetProcessHeap . . . . . . . . .	P Near	 00000000 FLAT	Length= 00000000 External STDCALL
GetStdHandle . . . . . . . . . .	P Near	 00000000 FLAT	Length= 00000000 External STDCALL
GetSystemTime  . . . . . . . . .	P Near	 00000000 FLAT	Length= 00000000 External STDCALL
GetTextColor . . . . . . . . . .	P Near	 00000000 FLAT	Length= 00000000 External STDCALL
GetTickCount . . . . . . . . . .	P Near	 00000000 FLAT	Length= 00000000 External STDCALL
Gotoxy . . . . . . . . . . . . .	P Near	 00000000 FLAT	Length= 00000000 External STDCALL
HeapAlloc  . . . . . . . . . . .	P Near	 00000000 FLAT	Length= 00000000 External STDCALL
HeapCreate . . . . . . . . . . .	P Near	 00000000 FLAT	Length= 00000000 External STDCALL
HeapDestroy  . . . . . . . . . .	P Near	 00000000 FLAT	Length= 00000000 External STDCALL
HeapFree . . . . . . . . . . . .	P Near	 00000000 FLAT	Length= 00000000 External STDCALL
HeapSize . . . . . . . . . . . .	P Near	 00000000 FLAT	Length= 00000000 External STDCALL
IsDigit  . . . . . . . . . . . .	P Near	 00000000 FLAT	Length= 00000000 External STDCALL
LocalFree  . . . . . . . . . . .	P Near	 00000000 FLAT	Length= 00000000 External STDCALL
Math . . . . . . . . . . . . . .	P Near	 00000195 _TEXT	Length= 00000056 Public STDCALL
  _sumLoop . . . . . . . . . . .	L Near	 000001A3 _TEXT	
MessageBoxA  . . . . . . . . . .	P Near	 00000000 FLAT	Length= 00000000 External STDCALL
MsgBoxAsk  . . . . . . . . . . .	P Near	 00000000 FLAT	Length= 00000000 External STDCALL
MsgBox . . . . . . . . . . . . .	P Near	 00000000 FLAT	Length= 00000000 External STDCALL
OpenInputFile  . . . . . . . . .	P Near	 00000000 FLAT	Length= 00000000 External STDCALL
ParseDecimal32 . . . . . . . . .	P Near	 00000000 FLAT	Length= 00000000 External STDCALL
ParseInteger32 . . . . . . . . .	P Near	 00000000 FLAT	Length= 00000000 External STDCALL
PeekConsoleInputA  . . . . . . .	P Near	 00000000 FLAT	Length= 00000000 External STDCALL
Random32 . . . . . . . . . . . .	P Near	 00000000 FLAT	Length= 00000000 External STDCALL
RandomRange  . . . . . . . . . .	P Near	 00000000 FLAT	Length= 00000000 External STDCALL
Randomize  . . . . . . . . . . .	P Near	 00000000 FLAT	Length= 00000000 External STDCALL
ReadChar . . . . . . . . . . . .	P Near	 00000000 FLAT	Length= 00000000 External STDCALL
ReadConsoleA . . . . . . . . . .	P Near	 00000000 FLAT	Length= 00000000 External STDCALL
ReadConsoleInputA  . . . . . . .	P Near	 00000000 FLAT	Length= 00000000 External STDCALL
ReadDec  . . . . . . . . . . . .	P Near	 00000000 FLAT	Length= 00000000 External STDCALL
ReadFile . . . . . . . . . . . .	P Near	 00000000 FLAT	Length= 00000000 External STDCALL
ReadFloat  . . . . . . . . . . .	P Near	 00000000 FLAT	Length= 00000000 External STDCALL
ReadFromFile . . . . . . . . . .	P Near	 00000000 FLAT	Length= 00000000 External STDCALL
ReadHex  . . . . . . . . . . . .	P Near	 00000000 FLAT	Length= 00000000 External STDCALL
ReadInt  . . . . . . . . . . . .	P Near	 00000000 FLAT	Length= 00000000 External STDCALL
ReadKeyFlush . . . . . . . . . .	P Near	 00000000 FLAT	Length= 00000000 External STDCALL
ReadKey  . . . . . . . . . . . .	P Near	 00000000 FLAT	Length= 00000000 External STDCALL
ReadString . . . . . . . . . . .	P Near	 00000000 FLAT	Length= 00000000 External STDCALL
ReadVal  . . . . . . . . . . . .	P Near	 00000080 _TEXT	Length= 00000115 Public STDCALL
  lengthCounter  . . . . . . . .	DWord	 bp - 00000004
  intAccumulator . . . . . . . .	DWord	 bp - 00000008
  inputLength  . . . . . . . . .	DWord	 bp - 0000000C
  _rePrompt  . . . . . . . . . .	L Near	 00000087 _TEXT	
  _validLength . . . . . . . . .	L Near	 000000D7 _TEXT	
  _toIntLoop . . . . . . . . . .	L Near	 000000F2 _TEXT	
  _checkPlus . . . . . . . . . .	L Near	 0000010A _TEXT	
  _continueCalcs . . . . . . . .	L Near	 00000111 _TEXT	
  _overflowDetected  . . . . . .	L Near	 0000013C _TEXT	
  _endCalculations . . . . . . .	L Near	 0000014E _TEXT	
  _writeToConsole  . . . . . . .	L Near	 00000161 _TEXT	
  _invalidItem . . . . . . . . .	L Near	 00000170 _TEXT	
  _return  . . . . . . . . . . .	L Near	 0000018B _TEXT	
  _theEnd  . . . . . . . . . . .	L Near	 00000191 _TEXT	
SetConsoleCursorInfo . . . . . .	P Near	 00000000 FLAT	Length= 00000000 External STDCALL
SetConsoleCursorPosition . . . .	P Near	 00000000 FLAT	Length= 00000000 External STDCALL
SetConsoleMode . . . . . . . . .	P Near	 00000000 FLAT	Length= 00000000 External STDCALL
SetConsoleScreenBufferSize . . .	P Near	 00000000 FLAT	Length= 00000000 External STDCALL
SetConsoleTextAttribute  . . . .	P Near	 00000000 FLAT	Length= 00000000 External STDCALL
SetConsoleTitleA . . . . . . . .	P Near	 00000000 FLAT	Length= 00000000 External STDCALL
SetConsoleWindowInfo . . . . . .	P Near	 00000000 FLAT	Length= 00000000 External STDCALL
SetFilePointer . . . . . . . . .	P Near	 00000000 FLAT	Length= 00000000 External STDCALL
SetLocalTime . . . . . . . . . .	P Near	 00000000 FLAT	Length= 00000000 External STDCALL
SetTextColor . . . . . . . . . .	P Near	 00000000 FLAT	Length= 00000000 External STDCALL
ShowFPUStack . . . . . . . . . .	P Near	 00000000 FLAT	Length= 00000000 External STDCALL
Sleep  . . . . . . . . . . . . .	P Near	 00000000 FLAT	Length= 00000000 External STDCALL
StrLength  . . . . . . . . . . .	P Near	 00000000 FLAT	Length= 00000000 External STDCALL
Str_compare  . . . . . . . . . .	P Near	 00000000 FLAT	Length= 00000000 External STDCALL
Str_copy . . . . . . . . . . . .	P Near	 00000000 FLAT	Length= 00000000 External STDCALL
Str_length . . . . . . . . . . .	P Near	 00000000 FLAT	Length= 00000000 External STDCALL
Str_trim . . . . . . . . . . . .	P Near	 00000000 FLAT	Length= 00000000 External STDCALL
Str_ucase  . . . . . . . . . . .	P Near	 00000000 FLAT	Length= 00000000 External STDCALL
SystemTimeToFileTime . . . . . .	P Near	 00000000 FLAT	Length= 00000000 External STDCALL
WaitMsg  . . . . . . . . . . . .	P Near	 00000000 FLAT	Length= 00000000 External STDCALL
WriteBinB  . . . . . . . . . . .	P Near	 00000000 FLAT	Length= 00000000 External STDCALL
WriteBin . . . . . . . . . . . .	P Near	 00000000 FLAT	Length= 00000000 External STDCALL
WriteChar  . . . . . . . . . . .	P Near	 00000000 FLAT	Length= 00000000 External STDCALL
WriteConsoleA  . . . . . . . . .	P Near	 00000000 FLAT	Length= 00000000 External STDCALL
WriteConsoleOutputAttribute  . .	P Near	 00000000 FLAT	Length= 00000000 External STDCALL
WriteConsoleOutputCharacterA . .	P Near	 00000000 FLAT	Length= 00000000 External STDCALL
WriteDec . . . . . . . . . . . .	P Near	 00000000 FLAT	Length= 00000000 External STDCALL
WriteFile  . . . . . . . . . . .	P Near	 00000000 FLAT	Length= 00000000 External STDCALL
WriteFloat . . . . . . . . . . .	P Near	 00000000 FLAT	Length= 00000000 External STDCALL
WriteHexB  . . . . . . . . . . .	P Near	 00000000 FLAT	Length= 00000000 External STDCALL
WriteHex . . . . . . . . . . . .	P Near	 00000000 FLAT	Length= 00000000 External STDCALL
WriteInt . . . . . . . . . . . .	P Near	 00000000 FLAT	Length= 00000000 External STDCALL
WriteStackFrameName  . . . . . .	P Near	 00000000 FLAT	Length= 00000000 External STDCALL
WriteStackFrame  . . . . . . . .	P Near	 00000000 FLAT	Length= 00000000 External STDCALL
WriteString  . . . . . . . . . .	P Near	 00000000 FLAT	Length= 00000000 External STDCALL
WriteToFile  . . . . . . . . . .	P Near	 00000000 FLAT	Length= 00000000 External STDCALL
WriteVal . . . . . . . . . . . .	P Near	 000001EB _TEXT	Length= 000000A5 Public STDCALL
  testNum  . . . . . . . . . . .	DWord	 bp - 00000004
  negFlag  . . . . . . . . . . .	DWord	 bp - 00000008
  minFlag  . . . . . . . . . . .	DWord	 bp - 0000000C
  _notMinimumNum . . . . . . . .	L Near	 00000217 _TEXT	
  _positiveOrZeroNum . . . . . .	L Near	 00000223 _TEXT	
  _loopSetup . . . . . . . . . .	L Near	 0000022A _TEXT	
  _notSpecialCase  . . . . . . .	L Near	 00000234 _TEXT	
  _stringLoop  . . . . . . . . .	L Near	 0000023E _TEXT	
  _continueLoop  . . . . . . . .	L Near	 00000251 _TEXT	
  _stringComplete  . . . . . . .	L Near	 0000025A _TEXT	
  _displayString . . . . . . . .	L Near	 00000264 _TEXT	
  _revLoop . . . . . . . . . . .	L Near	 00000279 _TEXT	
WriteWindowsMsg  . . . . . . . .	P Near	 00000000 FLAT	Length= 00000000 External STDCALL
main . . . . . . . . . . . . . .	P Near	 00000000 _TEXT	Length= 00000080 Public STDCALL
  _getNums . . . . . . . . . . .	L Near	 0000000A _TEXT	
  _printArray  . . . . . . . . .	L Near	 0000005B _TEXT	
printf . . . . . . . . . . . . .	P Near	 00000000 FLAT	Length= 00000000 External C
scanf  . . . . . . . . . . . . .	P Near	 00000000 FLAT	Length= 00000000 External C
wsprintfA  . . . . . . . . . . .	P Near	 00000000 FLAT	Length= 00000000 External C


Symbols:

                N a m e                 Type     Value    Attr

@CodeSize  . . . . . . . . . . .	Number	 00000000h   
@DataSize  . . . . . . . . . . .	Number	 00000000h   
@Interface . . . . . . . . . . .	Number	 00000003h   
@Model . . . . . . . . . . . . .	Number	 00000007h   
@code  . . . . . . . . . . . . .	Text   	 _TEXT
@data  . . . . . . . . . . . . .	Text   	 FLAT
@fardata?  . . . . . . . . . . .	Text   	 FLAT
@fardata . . . . . . . . . . . .	Text   	 FLAT
@stack . . . . . . . . . . . . .	Text   	 FLAT
ALT_MASK . . . . . . . . . . . .	Number	 00000003h   
CAPSLOCK_ON  . . . . . . . . . .	Number	 00000080h   
CREATE_ALWAYS  . . . . . . . . .	Number	 00000002h   
CREATE_NEW . . . . . . . . . . .	Number	 00000001h   
CTRL_MASK  . . . . . . . . . . .	Number	 0000000Ch   
CreateFile . . . . . . . . . . .	Text   	 CreateFileA
DO_NOT_SHARE . . . . . . . . . .	Number	 00000000h   
ENABLE_ECHO_INPUT  . . . . . . .	Number	 00000004h   
ENABLE_LINE_INPUT  . . . . . . .	Number	 00000002h   
ENABLE_MOUSE_INPUT . . . . . . .	Number	 00000010h   
ENABLE_PROCESSED_INPUT . . . . .	Number	 00000001h   
ENABLE_PROCESSED_OUTPUT  . . . .	Number	 00000001h   
ENABLE_WINDOW_INPUT  . . . . . .	Number	 00000008h   
ENABLE_WRAP_AT_EOL_OUTPUT  . . .	Number	 00000002h   
ENHANCED_KEY . . . . . . . . . .	Number	 00000100h   
FALSE  . . . . . . . . . . . . .	Number	 00000000h   
FILE_APPEND_DATA . . . . . . . .	Number	 00000004h   
FILE_ATTRIBUTE_ARCHIVE . . . . .	Number	 00000020h   
FILE_ATTRIBUTE_COMPRESSED  . . .	Number	 00000800h   
FILE_ATTRIBUTE_DEVICE  . . . . .	Number	 00000040h   
FILE_ATTRIBUTE_DIRECTORY . . . .	Number	 00000010h   
FILE_ATTRIBUTE_ENCRYPTED . . . .	Number	 00004000h   
FILE_ATTRIBUTE_HIDDEN  . . . . .	Number	 00000002h   
FILE_ATTRIBUTE_NORMAL  . . . . .	Number	 00000080h   
FILE_ATTRIBUTE_NOT_CONTENT_INDEXED .	Number	 00002000h   
FILE_ATTRIBUTE_OFFLINE . . . . .	Number	 00001000h   
FILE_ATTRIBUTE_READONLY  . . . .	Number	 00000001h   
FILE_ATTRIBUTE_REPARSE_POINT . .	Number	 00000400h   
FILE_ATTRIBUTE_SPARSE_FILE . . .	Number	 00000200h   
FILE_ATTRIBUTE_SYSTEM  . . . . .	Number	 00000004h   
FILE_ATTRIBUTE_TEMPORARY . . . .	Number	 00000100h   
FILE_BEGIN . . . . . . . . . . .	Number	 00000000h   
FILE_CURRENT . . . . . . . . . .	Number	 00000001h   
FILE_DELETE_CHILD  . . . . . . .	Number	 00000040h   
FILE_END . . . . . . . . . . . .	Number	 00000002h   
FILE_READ_DATA . . . . . . . . .	Number	 00000001h   
FILE_SHARE_DELETE  . . . . . . .	Number	 00000004h   
FILE_SHARE_READ  . . . . . . . .	Number	 00000001h   
FILE_SHARE_WRITE . . . . . . . .	Number	 00000002h   
FILE_WRITE_DATA  . . . . . . . .	Number	 00000002h   
FOCUS_EVENT  . . . . . . . . . .	Number	 00000010h   
FORMAT_MESSAGE_ALLOCATE_BUFFER .	Number	 00000100h   
FORMAT_MESSAGE_FROM_SYSTEM . . .	Number	 00001000h   
FormatMessage  . . . . . . . . .	Text   	 FormatMessageA
GENERIC_ALL  . . . . . . . . . .	Number	 10000000h   
GENERIC_EXECUTE  . . . . . . . .	Number	 20000000h   
GENERIC_READ . . . . . . . . . .	Number	 -80000000h   
GENERIC_WRITE  . . . . . . . . .	Number	 40000000h   
GetCommandLine . . . . . . . . .	Text   	 GetCommandLineA
HANDLE . . . . . . . . . . . . .	Text   	 DWORD
HEAP_GENERATE_EXCEPTIONS . . . .	Number	 00000004h   
HEAP_GROWABLE  . . . . . . . . .	Number	 00000002h   
HEAP_NO_SERIALIZE  . . . . . . .	Number	 00000001h   
HEAP_REALLOC_IN_PLACE_ONLY . . .	Number	 00000010h   
HEAP_ZERO_MEMORY . . . . . . . .	Number	 00000008h   
IDABORT  . . . . . . . . . . . .	Number	 00000003h   
IDCANCEL . . . . . . . . . . . .	Number	 00000002h   
IDCLOSE  . . . . . . . . . . . .	Number	 00000008h   
IDCONTINUE . . . . . . . . . . .	Number	 0000000Bh   
IDHELP . . . . . . . . . . . . .	Number	 00000009h   
IDIGNORE . . . . . . . . . . . .	Number	 00000005h   
IDNO . . . . . . . . . . . . . .	Number	 00000007h   
IDOK . . . . . . . . . . . . . .	Number	 00000001h   
IDRETRY  . . . . . . . . . . . .	Number	 00000004h   
IDTIMEOUT  . . . . . . . . . . .	Number	 00007D00h   
IDTRYAGAIN . . . . . . . . . . .	Number	 0000000Ah   
IDYES  . . . . . . . . . . . . .	Number	 00000006h   
INVALID_HANDLE_VALUE . . . . . .	Number	 -00000001h   
KBDOWN_FLAG  . . . . . . . . . .	Number	 00000001h   
KEY_EVENT  . . . . . . . . . . .	Number	 00000001h   
KEY_MASKS  . . . . . . . . . . .	Number	 0000001Fh   
LEFT_ALT_PRESSED . . . . . . . .	Number	 00000002h   
LEFT_CTRL_PRESSED  . . . . . . .	Number	 00000008h   
LENGTHLIMIT  . . . . . . . . . .	Number	 00000096h   
MAXNUMS  . . . . . . . . . . . .	Number	 00000003h   
MAX  . . . . . . . . . . . . . .	Number	 7FFFFFFFh   
MB_ABORTRETRYIGNORE  . . . . . .	Number	 00000002h   
MB_APPLMODAL . . . . . . . . . .	Number	 00000000h   
MB_CANCELTRYCONTINUE . . . . . .	Number	 00000006h   
MB_DEFBUTTON1  . . . . . . . . .	Number	 00000000h   
MB_DEFBUTTON2  . . . . . . . . .	Number	 00000100h   
MB_DEFBUTTON3  . . . . . . . . .	Number	 00000200h   
MB_DEFBUTTON4  . . . . . . . . .	Number	 00000300h   
MB_HELP  . . . . . . . . . . . .	Number	 00004000h   
MB_ICONASTERISK  . . . . . . . .	Number	 00000040h   
MB_ICONERROR . . . . . . . . . .	Number	 00000010h   
MB_ICONEXCLAMATION . . . . . . .	Number	 00000030h   
MB_ICONHAND  . . . . . . . . . .	Number	 00000010h   
MB_ICONINFORMATION . . . . . . .	Number	 00000040h   
MB_ICONQUESTION  . . . . . . . .	Number	 00000020h   
MB_ICONSTOP  . . . . . . . . . .	Number	 00000010h   
MB_ICONWARNING . . . . . . . . .	Number	 00000030h   
MB_OKCANCEL  . . . . . . . . . .	Number	 00000001h   
MB_OK  . . . . . . . . . . . . .	Number	 00000000h   
MB_RETRYCANCEL . . . . . . . . .	Number	 00000005h   
MB_SYSTEMMODAL . . . . . . . . .	Number	 00001000h   
MB_TASKMODAL . . . . . . . . . .	Number	 00002000h   
MB_USERICON  . . . . . . . . . .	Number	 00000080h   
MB_YESNOCANCEL . . . . . . . . .	Number	 00000003h   
MB_YESNO . . . . . . . . . . . .	Number	 00000004h   
MENU_EVENT . . . . . . . . . . .	Number	 00000008h   
MINUS  . . . . . . . . . . . . .	Number	 0000002Dh   
MIN  . . . . . . . . . . . . . .	Number	 -80000000h   
MOUSE_EVENT  . . . . . . . . . .	Number	 00000002h   
MessageBox . . . . . . . . . . .	Text   	 MessageBoxA
NINE . . . . . . . . . . . . . .	Number	 00000039h   
NULL . . . . . . . . . . . . . .	Number	 00000000h   
NUMLOCK_ON . . . . . . . . . . .	Number	 00000020h   
OPEN_ALWAYS  . . . . . . . . . .	Number	 00000004h   
OPEN_EXISTING  . . . . . . . . .	Number	 00000003h   
PLUS . . . . . . . . . . . . . .	Number	 0000002Bh   
PeekConsoleInput . . . . . . . .	Text   	 PeekConsoleInputA
RIGHT_ALT_PRESSED  . . . . . . .	Number	 00000001h   
RIGHT_CTRL_PRESSED . . . . . . .	Number	 00000004h   
ReadConsoleInput . . . . . . . .	Text   	 ReadConsoleInputA
ReadConsole  . . . . . . . . . .	Text   	 ReadConsoleA
SCROLLLOCK_ON  . . . . . . . . .	Number	 00000040h   
SHIFT_MASK . . . . . . . . . . .	Number	 00000010h   
SHIFT_PRESSED  . . . . . . . . .	Number	 00000010h   
STD_ERROR_HANDLE . . . . . . . .	Number	 -0000000Ch   
STD_INPUT_HANDLE . . . . . . . .	Number	 -0000000Ah   
STD_OUTPUT_HANDLE  . . . . . . .	Number	 -0000000Bh   
SetConsoleTitle  . . . . . . . .	Text   	 SetConsoleTitleA
TAB  . . . . . . . . . . . . . .	Number	 00000009h   
TRUE . . . . . . . . . . . . . .	Number	 00000001h   
TRUNCATE_EXISTING  . . . . . . .	Number	 00000005h   
VK_11  . . . . . . . . . . . . .	Number	 000000BDh   
VK_12  . . . . . . . . . . . . .	Number	 000000BBh   
VK_ADD . . . . . . . . . . . . .	Number	 0000006Bh   
VK_BACK  . . . . . . . . . . . .	Number	 00000008h   
VK_CANCEL  . . . . . . . . . . .	Number	 00000003h   
VK_CAPITAL . . . . . . . . . . .	Number	 00000014h   
VK_CLEAR . . . . . . . . . . . .	Number	 0000000Ch   
VK_CONTROL . . . . . . . . . . .	Number	 00000011h   
VK_DECIMAL . . . . . . . . . . .	Number	 0000006Eh   
VK_DELETE  . . . . . . . . . . .	Number	 0000002Eh   
VK_DIVIDE  . . . . . . . . . . .	Number	 0000006Fh   
VK_DOWN  . . . . . . . . . . . .	Number	 00000028h   
VK_END . . . . . . . . . . . . .	Number	 00000023h   
VK_ESCAPE  . . . . . . . . . . .	Number	 0000001Bh   
VK_EXECUTE . . . . . . . . . . .	Number	 0000002Bh   
VK_F10 . . . . . . . . . . . . .	Number	 00000079h   
VK_F11 . . . . . . . . . . . . .	Number	 0000007Ah   
VK_F12 . . . . . . . . . . . . .	Number	 0000007Bh   
VK_F13 . . . . . . . . . . . . .	Number	 0000007Ch   
VK_F14 . . . . . . . . . . . . .	Number	 0000007Dh   
VK_F15 . . . . . . . . . . . . .	Number	 0000007Eh   
VK_F16 . . . . . . . . . . . . .	Number	 0000007Fh   
VK_F17 . . . . . . . . . . . . .	Number	 00000080h   
VK_F18 . . . . . . . . . . . . .	Number	 00000081h   
VK_F19 . . . . . . . . . . . . .	Number	 00000082h   
VK_F1  . . . . . . . . . . . . .	Number	 00000070h   
VK_F20 . . . . . . . . . . . . .	Number	 00000083h   
VK_F21 . . . . . . . . . . . . .	Number	 00000084h   
VK_F22 . . . . . . . . . . . . .	Number	 00000085h   
VK_F23 . . . . . . . . . . . . .	Number	 00000086h   
VK_F24 . . . . . . . . . . . . .	Number	 00000087h   
VK_F2  . . . . . . . . . . . . .	Number	 00000071h   
VK_F3  . . . . . . . . . . . . .	Number	 00000072h   
VK_F4  . . . . . . . . . . . . .	Number	 00000073h   
VK_F5  . . . . . . . . . . . . .	Number	 00000074h   
VK_F6  . . . . . . . . . . . . .	Number	 00000075h   
VK_F7  . . . . . . . . . . . . .	Number	 00000076h   
VK_F8  . . . . . . . . . . . . .	Number	 00000077h   
VK_F9  . . . . . . . . . . . . .	Number	 00000078h   
VK_HELP  . . . . . . . . . . . .	Number	 0000002Fh   
VK_HOME  . . . . . . . . . . . .	Number	 00000024h   
VK_INSERT  . . . . . . . . . . .	Number	 0000002Dh   
VK_LBUTTON . . . . . . . . . . .	Number	 00000001h   
VK_LCONTROL  . . . . . . . . . .	Number	 000000A2h   
VK_LEFT  . . . . . . . . . . . .	Number	 00000025h   
VK_LMENU . . . . . . . . . . . .	Number	 000000A4h   
VK_LSHIFT  . . . . . . . . . . .	Number	 000000A0h   
VK_MENU  . . . . . . . . . . . .	Number	 00000012h   
VK_MULTIPLY  . . . . . . . . . .	Number	 0000006Ah   
VK_NEXT  . . . . . . . . . . . .	Number	 00000022h   
VK_NUMLOCK . . . . . . . . . . .	Number	 00000090h   
VK_NUMPAD0 . . . . . . . . . . .	Number	 00000060h   
VK_NUMPAD1 . . . . . . . . . . .	Number	 00000061h   
VK_NUMPAD2 . . . . . . . . . . .	Number	 00000062h   
VK_NUMPAD3 . . . . . . . . . . .	Number	 00000063h   
VK_NUMPAD4 . . . . . . . . . . .	Number	 00000064h   
VK_NUMPAD5 . . . . . . . . . . .	Number	 00000065h   
VK_NUMPAD6 . . . . . . . . . . .	Number	 00000066h   
VK_NUMPAD7 . . . . . . . . . . .	Number	 00000067h   
VK_NUMPAD8 . . . . . . . . . . .	Number	 00000068h   
VK_NUMPAD9 . . . . . . . . . . .	Number	 00000069h   
VK_PAUSE . . . . . . . . . . . .	Number	 00000013h   
VK_PRINT . . . . . . . . . . . .	Number	 0000002Ah   
VK_PRIOR . . . . . . . . . . . .	Number	 00000021h   
VK_RBUTTON . . . . . . . . . . .	Number	 00000002h   
VK_RCONTROL  . . . . . . . . . .	Number	 000000A3h   
VK_RETURN  . . . . . . . . . . .	Number	 0000000Dh   
VK_RIGHT . . . . . . . . . . . .	Number	 00000027h   
VK_RMENU . . . . . . . . . . . .	Number	 000000A5h   
VK_RSHIFT  . . . . . . . . . . .	Number	 000000A1h   
VK_SCROLL  . . . . . . . . . . .	Number	 00000091h   
VK_SEPARATER . . . . . . . . . .	Number	 0000006Ch   
VK_SHIFT . . . . . . . . . . . .	Number	 00000010h   
VK_SNAPSHOT  . . . . . . . . . .	Number	 0000002Ch   
VK_SPACE . . . . . . . . . . . .	Number	 00000020h   
VK_SUBTRACT  . . . . . . . . . .	Number	 0000006Dh   
VK_TAB . . . . . . . . . . . . .	Number	 00000009h   
VK_UP  . . . . . . . . . . . . .	Number	 00000026h   
WINDOW_BUFFER_SIZE_EVENT . . . .	Number	 00000004h   
WriteConsoleOutputCharacter  . .	Text   	 WriteConsoleOutputCharacterA
WriteConsole . . . . . . . . . .	Text   	 WriteConsoleA
ZERO . . . . . . . . . . . . . .	Number	 00000030h   
averageInfo  . . . . . . . . . .	Byte	 00000072 _DATA	
black  . . . . . . . . . . . . .	Number	 00000000h   
blue . . . . . . . . . . . . . .	Number	 00000001h   
brown  . . . . . . . . . . . . .	Number	 00000006h   
cyan . . . . . . . . . . . . . .	Number	 00000003h   
delimiter  . . . . . . . . . . .	Byte	 00000092 _DATA	
enterNum . . . . . . . . . . . .	Byte	 00000000 _DATA	
errorMsg . . . . . . . . . . . .	Byte	 00000018 _DATA	
exit . . . . . . . . . . . . . .	Text   	 INVOKE ExitProcess,0
gray . . . . . . . . . . . . . .	Number	 00000008h   
green  . . . . . . . . . . . . .	Number	 00000002h   
intArray . . . . . . . . . . . .	DWord	 0000004A _DATA	
intHolder  . . . . . . . . . . .	DWord	 00000046 _DATA	
lightBlue  . . . . . . . . . . .	Number	 00000009h   
lightCyan  . . . . . . . . . . .	Number	 0000000Bh   
lightGray  . . . . . . . . . . .	Number	 00000007h   
lightGreen . . . . . . . . . . .	Number	 0000000Ah   
lightMagenta . . . . . . . . . .	Number	 0000000Dh   
lightRed . . . . . . . . . . . .	Number	 0000000Ch   
magenta  . . . . . . . . . . . .	Number	 00000005h   
negBool  . . . . . . . . . . . .	Byte	 00000150 _DATA	
outputString . . . . . . . . . .	Byte	 00000151 _DATA	
red  . . . . . . . . . . . . . .	Number	 00000004h   
reversedString . . . . . . . . .	Byte	 00000161 _DATA	
storedString . . . . . . . . . .	Byte	 000000BA _DATA	
sumInfo  . . . . . . . . . . . .	Byte	 00000056 _DATA	
userNumInfo  . . . . . . . . . .	Byte	 00000095 _DATA	
white  . . . . . . . . . . . . .	Number	 0000000Fh   
wsprintf . . . . . . . . . . . .	Text   	 wsprintfA
yellow . . . . . . . . . . . . .	Number	 0000000Eh   

	   0 Warnings
	   0 Errors
